// Jest Snapshot v1, https://goo.gl/fbAQLP

exports[`<Toolbar /> renders correctly 1`] = `
<div
  className="toolbar flex is-size-7"
>
  <div
    className="flex-center m-l-a"
  >
    <span
      className="m-r-5"
    >
      Admin
    </span>
    <div
      className="select is-small select-list-type"
    >
      <select
        onChange={[Function]}
        value="approved"
      >
        <option
          value="approved"
        >
          Approved
        </option>
        <option
          value="pending"
        >
          Pending
        </option>
      </select>
    </div>
  </div>
</div>
`;
