// Jest Snapshot v1, https://goo.gl/fbAQLP

exports[`<Actions /> renders correctly 1`] = `
<div
  className="suggestion-actions flex"
>
  <div
    className="flex align-center justify-start"
  >
    <span
      className="icon"
    >
      <i
        className="fa fa-thumbs-up has-text-primary"
        onClick={undefined}
        title=""
      />
    </span>
    <div
      className="is-size-7"
    >
      1
    </div>
    <p
      className="m-l-10 is-size-7"
    >
      guanzo likes this
    </p>
  </div>
  <div
    className="suggestion-admin-actions flex-center m-l-a"
  >
    <span
      className="approve-suggestion icon  has-text-success"
    >
      <i
        className="fa fa-check-square"
        onClick={[Function]}
      />
    </span>
    <span
      className="delete-suggestion icon has-text-danger"
    >
      <i
        className="fa fa-trash-o"
        onClick={[Function]}
      />
    </span>
  </div>
</div>
`;
